03-Oct-2025 23:07:21.571 INFO [main] org.apache.catalina.core.ApplicationContext.log ContextListener: contextInitialized()
03-Oct-2025 23:07:21.572 INFO [main] org.apache.catalina.core.ApplicationContext.log SessionListener: contextInitialized()
03-Oct-2025 23:07:21.575 INFO [main] org.apache.catalina.core.ApplicationContext.log ContextListener: attributeAdded('StockTicker', 'async.Stockticker@65e61854')
03-Oct-2025 23:07:42.314 INFO [main] org.apache.catalina.core.ApplicationContext.log SessionListener: contextDestroyed()
03-Oct-2025 23:07:42.314 INFO [main] org.apache.catalina.core.ApplicationContext.log ContextListener: contextDestroyed()
03-Oct-2025 23:14:02.387 INFO [main] org.apache.catalina.core.ApplicationContext.log ContextListener: contextInitialized()
03-Oct-2025 23:14:02.388 INFO [main] org.apache.catalina.core.ApplicationContext.log SessionListener: contextInitialized()
03-Oct-2025 23:14:02.393 INFO [main] org.apache.catalina.core.ApplicationContext.log ContextListener: attributeAdded('StockTicker', 'async.Stockticker@5f4d427e')
03-Oct-2025 23:22:16.798 INFO [main] org.apache.catalina.core.ApplicationContext.log ContextListener: contextInitialized()
03-Oct-2025 23:22:16.798 INFO [main] org.apache.catalina.core.ApplicationContext.log SessionListener: contextInitialized()
03-Oct-2025 23:22:16.803 INFO [main] org.apache.catalina.core.ApplicationContext.log ContextListener: attributeAdded('StockTicker', 'async.Stockticker@3af17be2')
03-Oct-2025 23:25:15.913 INFO [main] org.apache.catalina.core.ApplicationContext.log ContextListener: contextInitialized()
03-Oct-2025 23:25:15.914 INFO [main] org.apache.catalina.core.ApplicationContext.log SessionListener: contextInitialized()
03-Oct-2025 23:25:15.926 INFO [main] org.apache.catalina.core.ApplicationContext.log ContextListener: attributeAdded('StockTicker', 'async.Stockticker@1849db1a')
03-Oct-2025 23:25:16.600 INFO [main] org.apache.catalina.core.ApplicationContext.log SessionListener: contextDestroyed()
03-Oct-2025 23:25:16.600 INFO [main] org.apache.catalina.core.ApplicationContext.log ContextListener: contextDestroyed()
03-Oct-2025 23:27:32.459 INFO [main] org.apache.catalina.core.ApplicationContext.log ContextListener: contextInitialized()
03-Oct-2025 23:27:32.459 INFO [main] org.apache.catalina.core.ApplicationContext.log SessionListener: contextInitialized()
03-Oct-2025 23:27:32.467 INFO [main] org.apache.catalina.core.ApplicationContext.log ContextListener: attributeAdded('StockTicker', 'async.Stockticker@6a62689d')
03-Oct-2025 23:27:32.805 INFO [main] org.apache.catalina.core.ApplicationContext.log SessionListener: contextDestroyed()
03-Oct-2025 23:27:32.805 INFO [main] org.apache.catalina.core.ApplicationContext.log ContextListener: contextDestroyed()
03-Oct-2025 23:28:30.791 INFO [main] org.apache.catalina.core.ApplicationContext.log ContextListener: contextInitialized()
03-Oct-2025 23:28:30.791 INFO [main] org.apache.catalina.core.ApplicationContext.log SessionListener: contextInitialized()
03-Oct-2025 23:28:30.796 INFO [main] org.apache.catalina.core.ApplicationContext.log ContextListener: attributeAdded('StockTicker', 'async.Stockticker@533b266e')
03-Oct-2025 23:28:31.229 INFO [main] org.apache.catalina.core.ApplicationContext.log SessionListener: contextDestroyed()
03-Oct-2025 23:28:31.229 INFO [main] org.apache.catalina.core.ApplicationContext.log ContextListener: contextDestroyed()
03-Oct-2025 23:28:49.304 INFO [main] org.apache.catalina.core.ApplicationContext.log ContextListener: contextInitialized()
03-Oct-2025 23:28:49.305 INFO [main] org.apache.catalina.core.ApplicationContext.log SessionListener: contextInitialized()
03-Oct-2025 23:28:49.312 INFO [main] org.apache.catalina.core.ApplicationContext.log ContextListener: attributeAdded('StockTicker', 'async.Stockticker@4ef27d66')
